BL51 BANKED LINKER/LOCATER V6.22                                                        10/31/2024  20:04:39  PAGE 1


BL51 BANKED LINKER/LOCATER V6.22, INVOKED BY:
D:\KEIL_V5\C51\BIN\BL51.EXE ..\OBJ\STARTUP.obj, ..\OBJ\main.obj, ..\OBJ\delay.obj, ..\OBJ\tim.obj, ..\OBJ\led.obj, ..\OB
>> J\key.obj, ..\OBJ\seg.obj TO ..\OBJ\test PRINT (.\Listings\test.m51) RAMSIZE (256)


MEMORY MODEL: SMALL WITH FLOATING POINT ARITHMETIC


INPUT MODULES INCLUDED:
  ..\OBJ\STARTUP.obj (?C_STARTUP)
  ..\OBJ\main.obj (MAIN)
  ..\OBJ\delay.obj (DELAY)
  ..\OBJ\tim.obj (TIM)
  ..\OBJ\led.obj (LED)
  ..\OBJ\key.obj (KEY)
  ..\OBJ\seg.obj (SEG)
  D:\KEIL_V5\C51\LIB\C51FPS.LIB (PRINTF)
  D:\KEIL_V5\C51\LIB\C51FPS.LIB (?C?FPROUND)
  D:\KEIL_V5\C51\LIB\C51FPS.LIB (?C?FPCONVERT)
  D:\KEIL_V5\C51\LIB\C51FPS.LIB (?C?FPADD)
  D:\KEIL_V5\C51\LIB\C51FPS.LIB (?C?FPMUL)
  D:\KEIL_V5\C51\LIB\C51FPS.LIB (?C?FPDIV)
  D:\KEIL_V5\C51\LIB\C51FPS.LIB (?C?FTNPWR)
  D:\KEIL_V5\C51\LIB\C51FPS.LIB (?C?FPGETOPN)
  D:\KEIL_V5\C51\LIB\C51S.LIB (?C_INIT)
  D:\KEIL_V5\C51\LIB\C51S.LIB (?C?CLDPTR)
  D:\KEIL_V5\C51\LIB\C51S.LIB (?C?CLDOPTR)
  D:\KEIL_V5\C51\LIB\C51S.LIB (?C?CSTPTR)
  D:\KEIL_V5\C51\LIB\C51S.LIB (?C?CSTOPTR)
  D:\KEIL_V5\C51\LIB\C51S.LIB (?C?PLDIIDATA)
  D:\KEIL_V5\C51\LIB\C51S.LIB (?C?CCASE)
  D:\KEIL_V5\C51\LIB\C51S.LIB (?C?ICASE)
  D:\KEIL_V5\C51\LIB\C51S.LIB (PUTCHAR)


LINK MAP OF MODULE:  ..\OBJ\test (?C_STARTUP)


            TYPE    BASE      LENGTH    RELOCATION   SEGMENT NAME
            -----------------------------------------------------

            * * * * * * *   D A T A   M E M O R Y   * * * * * * *
            REG     0000H     0008H     ABSOLUTE     "REG BANK 0"
                    0008H     0018H                  *** GAP ***
            BIT     0020H.0   0001H.1   UNIT         _BIT_GROUP_
                    0021H.1   0000H.7                *** GAP ***
            DATA    0022H     002BH     UNIT         ?DT?MAIN
            DATA    004DH     001CH     UNIT         _DATA_GROUP_
            IDATA   0069H     0001H     UNIT         ?STACK

            * * * * * * *   C O D E   M E M O R Y   * * * * * * *
            CODE    0000H     0003H     ABSOLUTE     
            CODE    0003H     0015H     UNIT         ?PR?TIMER1_INIT?TIM
            CODE    0018H     0001H     UNIT         ?PR?SEG_PROC?MAIN
                    0019H     0002H                  *** GAP ***
            CODE    001BH     0003H     ABSOLUTE     
            CODE    001EH     0567H     UNIT         ?C?LIB_CODE
            CODE    0585H     046FH     UNIT         ?PR?PRINTF?PRINTF
BL51 BANKED LINKER/LOCATER V6.22                                                      10/31/2024  20:04:39  PAGE 2


            CODE    09F4H     0122H     UNIT         ?PR?_SEG_TRAN?SEG
            CODE    0B16H     0107H     UNIT         ?PR?KEY_READ?KEY
            CODE    0C1DH     00EEH     UNIT         ?PR?MODE_TYPE?MAIN
            CODE    0D0BH     00B5H     UNIT         ?PR?KEY_PROC?MAIN
            CODE    0DC0H     008CH     UNIT         ?C_C51STARTUP
            CODE    0E4CH     0082H     UNIT         ?PR?TIME_1?MAIN
            CODE    0ECEH     003EH     UNIT         ?PR?_SEG_DISP?SEG
            CODE    0F0CH     0027H     UNIT         ?PR?PUTCHAR?PUTCHAR
            CODE    0F33H     001DH     UNIT         ?C_INITSEG
            CODE    0F50H     001DH     UNIT         ?PR?CLS_PERIPHERAL?TIM
            CODE    0F6DH     001AH     UNIT         ?PR?_DELAYNMS?DELAY
            CODE    0F87H     0019H     UNIT         ?CO?MAIN
            CODE    0FA0H     0011H     UNIT         ?PR?MAIN?MAIN
            CODE    0FB1H     0010H     UNIT         ?PR?_LED_DISP?LED
            CODE    0FC1H     0009H     UNIT         ?PR?DELAY1MS?DELAY



OVERLAY MAP OF MODULE:   ..\OBJ\test (?C_STARTUP)


SEGMENT                           BIT_GROUP          DATA_GROUP 
  +--> CALLED SEGMENT          START    LENGTH     START    LENGTH
------------------------------------------------------------------
?C_C51STARTUP                  -----    -----      -----    -----
  +--> ?PR?MAIN?MAIN
  +--> ?C_INITSEG

?PR?MAIN?MAIN                  -----    -----      -----    -----
  +--> ?PR?CLS_PERIPHERAL?TIM
  +--> ?PR?TIMER1_INIT?TIM
  +--> ?PR?KEY_PROC?MAIN
  +--> ?PR?SEG_PROC?MAIN
  +--> ?PR?MODE_TYPE?MAIN

?PR?KEY_PROC?MAIN              -----    -----      004DH    0001H
  +--> ?PR?KEY_READ?KEY

?PR?KEY_READ?KEY               -----    -----      004EH    0001H

?PR?MODE_TYPE?MAIN             -----    -----      -----    -----
  +--> ?PR?_LED_DISP?LED
  +--> ?CO?MAIN
  +--> ?PR?PRINTF?PRINTF
  +--> ?PR?_SEG_TRAN?SEG

?PR?PRINTF?PRINTF              0020H.0  0001H.1    004DH    001CH
  +--> ?PR?PUTCHAR?PUTCHAR

?PR?_SEG_TRAN?SEG              -----    -----      004DH    0009H

*** NEW ROOT ***************************************************

?PR?TIME_1?MAIN                -----    -----      -----    -----
  +--> ?PR?_SEG_DISP?SEG


BL51 BANKED LINKER/LOCATER V6.22                                                      10/31/2024  20:04:39  PAGE 3



SYMBOL TABLE OF MODULE:  ..\OBJ\test (?C_STARTUP)

  VALUE           TYPE          NAME
  ----------------------------------

  -------         MODULE        ?C_STARTUP
  C:0DC0H         SEGMENT       ?C_C51STARTUP
  I:0069H         SEGMENT       ?STACK
  C:0000H         PUBLIC        ?C_STARTUP
  D:00E0H         SYMBOL        ACC
  D:00F0H         SYMBOL        B
  D:0083H         SYMBOL        DPH
  D:0082H         SYMBOL        DPL
  N:0000H         SYMBOL        IBPSTACK
  N:0100H         SYMBOL        IBPSTACKTOP
  N:0080H         SYMBOL        IDATALEN
  C:0DC3H         SYMBOL        IDATALOOP
  N:0000H         SYMBOL        PBPSTACK
  N:0100H         SYMBOL        PBPSTACKTOP
  N:0000H         SYMBOL        PDATALEN
  N:0000H         SYMBOL        PDATASTART
  N:0000H         SYMBOL        PPAGE
  N:0000H         SYMBOL        PPAGEENABLE
  D:00A0H         SYMBOL        PPAGE_SFR
  D:0081H         SYMBOL        SP
  C:0DC0H         SYMBOL        STARTUP1
  N:0000H         SYMBOL        XBPSTACK
  N:0000H         SYMBOL        XBPSTACKTOP
  N:0000H         SYMBOL        XDATALEN
  N:0000H         SYMBOL        XDATASTART
  C:0000H         LINE#         126
  C:0DC0H         LINE#         133
  C:0DC2H         LINE#         134
  C:0DC3H         LINE#         135
  C:0DC4H         LINE#         136
  C:0DC6H         LINE#         185
  C:0DC9H         LINE#         196
  -------         ENDMOD        ?C_STARTUP

  -------         MODULE        MAIN
  C:0000H         SYMBOL        _ICE_DUMMY_
  D:0080H         PUBLIC        P0
  D:0090H         PUBLIC        P1
  D:00A0H         PUBLIC        P2
  D:00B0H         PUBLIC        P3
  D:00C0H         PUBLIC        P4
  D:0022H         PUBLIC        ucKey_Old
  D:00C8H         PUBLIC        P5
  D:00E8H         PUBLIC        P6
  D:00F8H         PUBLIC        P7
  D:0023H         PUBLIC        uiSeg_Dly
  C:0C1DH         PUBLIC        Mode_Type
  D:0025H         PUBLIC        ucSeg_Pos
  D:00A8H         PUBLIC        IE
  D:0027H         PUBLIC        ucKey_Dly
  D:0028H         PUBLIC        numtest
BL51 BANKED LINKER/LOCATER V6.22                                                      10/31/2024  20:04:39  PAGE 4


  C:0018H         PUBLIC        Seg_Proc
  D:00B8H         PUBLIC        IP
  D:002CH         PUBLIC        flag
  C:0D0BH         PUBLIC        Key_Proc
  C:0E4CH         PUBLIC        Time_1
  D:00D8H         PUBLIC        CCON
  C:0FA0H         PUBLIC        main
  D:002DH         PUBLIC        mode
  D:0098H         PUBLIC        SCON
  D:0088H         PUBLIC        TCON
  D:002EH         PUBLIC        key_flag
  D:002FH         PUBLIC        pucSeg_Code
  D:0037H         PUBLIC        ta
  D:003BH         PUBLIC        ucState
  D:003CH         PUBLIC        a
  D:0040H         PUBLIC        key_wait
  D:0041H         PUBLIC        pucSeg_Buf
  D:004AH         PUBLIC        key_type
  D:004BH         PUBLIC        key_cut
  D:00D0H         PUBLIC        PSW
  -------         PROC          MAIN
  C:0FA0H         LINE#         29
  C:0FA0H         LINE#         30
  C:0FA0H         LINE#         31
  C:0FA3H         LINE#         32
  C:0FA6H         LINE#         34
  C:0FA6H         LINE#         35
  C:0FA6H         LINE#         36
  C:0FA9H         LINE#         37
  C:0FACH         LINE#         38
  C:0FAFH         LINE#         39
  -------         ENDPROC       MAIN
  -------         PROC          TIME_1
  C:0E4CH         LINE#         42
  C:0E69H         LINE#         44
  C:0E7AH         LINE#         45
  C:0E80H         LINE#         47
  C:0E87H         LINE#         48
  C:0E8AH         LINE#         50
  C:0E90H         LINE#         51
  C:0E90H         LINE#         52
  C:0E96H         LINE#         53
  C:0EA1H         LINE#         54
  C:0EAFH         LINE#         55
  C:0EB3H         LINE#         56
  C:0EB3H         LINE#         57
  -------         ENDPROC       TIME_1
  -------         PROC          KEY_PROC
  -------         DO            
  D:0007H         SYMBOL        ucKey_Val
  D:004DH         SYMBOL        ucKey_Down
  -------         ENDDO         
  C:0D0BH         LINE#         59
  C:0D0BH         LINE#         60
  C:0D0BH         LINE#         63
  C:0D12H         LINE#         65
  C:0D15H         LINE#         67
BL51 BANKED LINKER/LOCATER V6.22                                                      10/31/2024  20:04:39  PAGE 5


  C:0D15H         LINE#         86
  C:0D15H         LINE#         88
  C:0D18H         LINE#         89
  C:0D22H         LINE#         90
  C:0D2DH         LINE#         92
  C:0D33H         LINE#         94
  C:0D35H         LINE#         97
  C:0D38H         LINE#         98
  C:0D38H         LINE#         99
  C:0D3CH         LINE#         100
  C:0D3EH         LINE#         101
  C:0D40H         LINE#         102
  C:0D44H         LINE#         103
  C:0D44H         LINE#         104
  C:0D4CH         LINE#         105
  C:0D4FH         LINE#         106
  C:0D5AH         LINE#         107
  C:0D5AH         LINE#         108
  C:0D5FH         LINE#         109
  C:0D62H         LINE#         113
  C:0D65H         LINE#         114
  C:0D68H         LINE#         115
  C:0D68H         LINE#         116
  C:0D68H         LINE#         118
  C:0D83H         LINE#         119
  C:0D83H         LINE#         120
  C:0D83H         LINE#         121
  C:0D86H         LINE#         122
  C:0D87H         LINE#         123
  C:0D87H         LINE#         124
  C:0D8AH         LINE#         125
  C:0D8BH         LINE#         126
  C:0D8BH         LINE#         127
  C:0D8EH         LINE#         128
  C:0D8FH         LINE#         129
  C:0D8FH         LINE#         130
  C:0D92H         LINE#         131
  C:0D9EH         LINE#         132
  C:0D9FH         LINE#         139
  C:0D9FH         LINE#         140
  C:0DA2H         LINE#         141
  C:0DA3H         LINE#         142
  C:0DA3H         LINE#         143
  C:0DA6H         LINE#         144
  C:0DB2H         LINE#         145
  C:0DB3H         LINE#         146
  C:0DB3H         LINE#         147
  C:0DB5H         LINE#         148
  C:0DBCH         LINE#         149
  C:0DBFH         LINE#         150
  C:0DBFH         LINE#         152
  C:0DBFH         LINE#         153
  C:0DBFH         LINE#         154
  C:0DBFH         LINE#         155
  -------         ENDPROC       KEY_PROC
  -------         PROC          SEG_PROC
  C:0018H         LINE#         157
BL51 BANKED LINKER/LOCATER V6.22                                                      10/31/2024  20:04:39  PAGE 6


  C:0018H         LINE#         158
  C:0018H         LINE#         159
  -------         ENDPROC       SEG_PROC
  -------         PROC          MODE_TYPE
  C:0C1DH         LINE#         161
  C:0C1DH         LINE#         162
  C:0C1DH         LINE#         163
  C:0C23H         LINE#         164
  C:0C23H         LINE#         165
  C:0C28H         LINE#         166
  C:0C28H         LINE#         167
  C:0C2CH         LINE#         168
  C:0C2CH         LINE#         169
  C:0C2EH         LINE#         170
  C:0C30H         LINE#         172
  C:0C30H         LINE#         173
  C:0C35H         LINE#         175
  C:0C35H         LINE#         176
  C:0C35H         LINE#         177
  C:0C41H         LINE#         178
  C:0C44H         LINE#         179
  C:0C4AH         LINE#         180
  C:0C4AH         LINE#         181
  C:0C56H         LINE#         182
  C:0C56H         LINE#         183
  C:0C56H         LINE#         184
  C:0C68H         LINE#         185
  C:0C6AH         LINE#         186
  C:0C6AH         LINE#         188
  C:0C7FH         LINE#         189
  C:0C81H         LINE#         190
  C:0C81H         LINE#         191
  C:0C81H         LINE#         192
  C:0C87H         LINE#         193
  C:0C87H         LINE#         194
  C:0C8CH         LINE#         195
  C:0C8CH         LINE#         196
  C:0C9EH         LINE#         197
  C:0CA0H         LINE#         198
  C:0CA6H         LINE#         199
  C:0CA6H         LINE#         200
  C:0CAAH         LINE#         201
  C:0CAAH         LINE#         203
  C:0CB6H         LINE#         204
  C:0CB8H         LINE#         206
  C:0CB8H         LINE#         208
  C:0CC4H         LINE#         209
  C:0CC4H         LINE#         210
  C:0CC4H         LINE#         211
  C:0CC6H         LINE#         212
  C:0CCCH         LINE#         213
  C:0CCCH         LINE#         214
  C:0CD2H         LINE#         215
  C:0CD2H         LINE#         216
  C:0CD6H         LINE#         217
  C:0CD6H         LINE#         218
  C:0CE2H         LINE#         219
BL51 BANKED LINKER/LOCATER V6.22                                                      10/31/2024  20:04:39  PAGE 7


  C:0CE4H         LINE#         221
  C:0CE4H         LINE#         222
  C:0CF9H         LINE#         223
  C:0CF9H         LINE#         224
  C:0CF9H         LINE#         225
  C:0CF9H         LINE#         226
  -------         ENDPROC       MODE_TYPE
  -------         ENDMOD        MAIN

  -------         MODULE        DELAY
  C:0000H         SYMBOL        _ICE_DUMMY_
  C:0FC1H         PUBLIC        Delay1ms
  C:0F6DH         PUBLIC        _Delaynms
  -------         PROC          DELAY1MS
  -------         DO            
  D:0007H         SYMBOL        i
  D:0006H         SYMBOL        j
  -------         ENDDO         
  C:0FC1H         LINE#         3
  C:0FC1H         LINE#         4
  C:0FC1H         LINE#         7
  C:0FC3H         LINE#         8
  C:0FC5H         LINE#         10
  C:0FC5H         LINE#         11
  C:0FC7H         LINE#         12
  C:0FC9H         LINE#         13
  -------         ENDPROC       DELAY1MS
  -------         PROC          _DELAYNMS
  D:0004H         SYMBOL        n
  -------         DO            
  D:0002H         SYMBOL        i
  -------         ENDDO         
  C:0F6DH         LINE#         15
  C:0F71H         LINE#         16
  C:0F71H         LINE#         18
  C:0F7CH         LINE#         19
  C:0F86H         LINE#         20
  -------         ENDPROC       _DELAYNMS
  -------         ENDMOD        DELAY

  -------         MODULE        TIM
  C:0000H         SYMBOL        _ICE_DUMMY_
  D:0080H         PUBLIC        P0
  D:0090H         PUBLIC        P1
  D:00A0H         PUBLIC        P2
  D:00B0H         PUBLIC        P3
  D:00C0H         PUBLIC        P4
  D:00C8H         PUBLIC        P5
  D:00E8H         PUBLIC        P6
  B:00A8H.7       PUBLIC        EA
  D:00F8H         PUBLIC        P7
  D:00A8H         PUBLIC        IE
  C:0F50H         PUBLIC        Cls_Peripheral
  D:00B8H         PUBLIC        IP
  D:00D8H         PUBLIC        CCON
  C:0003H         PUBLIC        Timer1_Init
  D:0098H         PUBLIC        SCON
BL51 BANKED LINKER/LOCATER V6.22                                                      10/31/2024  20:04:39  PAGE 8


  D:0089H         PUBLIC        TMOD
  D:0088H         PUBLIC        TCON
  D:008EH         PUBLIC        AUXR
  B:00A8H.3       PUBLIC        ET1
  B:0088H.7       PUBLIC        TF1
  D:008DH         PUBLIC        TH1
  D:008BH         PUBLIC        TL1
  B:0088H.6       PUBLIC        TR1
  D:00D0H         PUBLIC        PSW
  -------         PROC          TIMER1_INIT
  C:0003H         LINE#         3
  C:0003H         LINE#         4
  C:0003H         LINE#         5
  C:0006H         LINE#         6
  C:0009H         LINE#         7
  C:000CH         LINE#         8
  C:000FH         LINE#         9
  C:0011H         LINE#         10
  C:0013H         LINE#         12
  C:0015H         LINE#         13
  C:0017H         LINE#         14
  -------         ENDPROC       TIMER1_INIT
  -------         PROC          CLS_PERIPHERAL
  C:0F50H         LINE#         16
  C:0F50H         LINE#         17
  C:0F50H         LINE#         18
  C:0F53H         LINE#         19
  C:0F5BH         LINE#         20
  C:0F5EH         LINE#         22
  C:0F61H         LINE#         23
  C:0F69H         LINE#         24
  C:0F6CH         LINE#         25
  -------         ENDPROC       CLS_PERIPHERAL
  -------         ENDMOD        TIM

  -------         MODULE        LED
  C:0000H         SYMBOL        _ICE_DUMMY_
  D:0080H         PUBLIC        P0
  D:0090H         PUBLIC        P1
  D:00A0H         PUBLIC        P2
  D:00B0H         PUBLIC        P3
  D:00C0H         PUBLIC        P4
  D:00C8H         PUBLIC        P5
  D:00E8H         PUBLIC        P6
  D:00F8H         PUBLIC        P7
  C:0FB1H         PUBLIC        _Led_Disp
  D:00A8H         PUBLIC        IE
  D:00B8H         PUBLIC        IP
  D:00D8H         PUBLIC        CCON
  D:0098H         PUBLIC        SCON
  D:0088H         PUBLIC        TCON
  D:00D0H         PUBLIC        PSW
  -------         PROC          _LED_DISP
  D:0007H         SYMBOL        ucLed
  C:0FB1H         LINE#         3
  C:0FB1H         LINE#         4
  C:0FB1H         LINE#         5
BL51 BANKED LINKER/LOCATER V6.22                                                      10/31/2024  20:04:39  PAGE 9


  C:0FB5H         LINE#         6
  C:0FBDH         LINE#         7
  C:0FC0H         LINE#         8
  -------         ENDPROC       _LED_DISP
  -------         ENDMOD        LED

  -------         MODULE        KEY
  C:0000H         SYMBOL        _ICE_DUMMY_
  D:0080H         PUBLIC        P0
  D:0090H         PUBLIC        P1
  D:00A0H         PUBLIC        P2
  D:00B0H         PUBLIC        P3
  D:00C0H         PUBLIC        P4
  D:00C8H         PUBLIC        P5
  D:00E8H         PUBLIC        P6
  D:00F8H         PUBLIC        P7
  C:0B16H         PUBLIC        Key_Read
  D:00A8H         PUBLIC        IE
  D:00B8H         PUBLIC        IP
  D:00D8H         PUBLIC        CCON
  D:0098H         PUBLIC        SCON
  D:0088H         PUBLIC        TCON
  B:00C0H.2       PUBLIC        P42
  B:00B0H.4       PUBLIC        P34
  B:00C0H.4       PUBLIC        P44
  B:00B0H.5       PUBLIC        P35
  D:00D0H         PUBLIC        PSW
  -------         PROC          KEY_READ
  -------         DO            
  D:0006H         SYMBOL        Key_New
  D:004EH         SYMBOL        Key_Val
  -------         ENDDO         
  C:0B16H         LINE#         4
  C:0B16H         LINE#         5
  C:0B16H         LINE#         9
  C:0B1EH         LINE#         10
  C:0B24H         LINE#         11
  C:0B2CH         LINE#         12
  C:0B40H         LINE#         13
  C:0B48H         LINE#         14
  C:0B5CH         LINE#         15
  C:0B64H         LINE#         16
  C:0B78H         LINE#         18
  C:0BC7H         LINE#         19
  C:0BC7H         LINE#         20
  C:0BCCH         LINE#         21
  C:0BD1H         LINE#         22
  C:0BD6H         LINE#         23
  C:0BDBH         LINE#         24
  C:0BE0H         LINE#         25
  C:0BE5H         LINE#         26
  C:0BEAH         LINE#         27
  C:0BEFH         LINE#         28
  C:0BF4H         LINE#         29
  C:0BF9H         LINE#         30
  C:0BFEH         LINE#         31
  C:0C03H         LINE#         32
BL51 BANKED LINKER/LOCATER V6.22                                                      10/31/2024  20:04:39  PAGE 10


  C:0C08H         LINE#         33
  C:0C0DH         LINE#         34
  C:0C12H         LINE#         35
  C:0C17H         LINE#         36
  C:0C1AH         LINE#         37
  C:0C1AH         LINE#         39
  C:0C1CH         LINE#         41
  -------         ENDPROC       KEY_READ
  -------         ENDMOD        KEY

  -------         MODULE        SEG
  C:0000H         SYMBOL        _ICE_DUMMY_
  D:0080H         PUBLIC        P0
  D:0090H         PUBLIC        P1
  D:00A0H         PUBLIC        P2
  D:00B0H         PUBLIC        P3
  D:00C0H         PUBLIC        P4
  D:00C8H         PUBLIC        P5
  D:00E8H         PUBLIC        P6
  D:00F8H         PUBLIC        P7
  D:00A8H         PUBLIC        IE
  C:0ECEH         PUBLIC        _Seg_Disp
  C:09F4H         PUBLIC        _Seg_Tran
  D:00B8H         PUBLIC        IP
  D:00D8H         PUBLIC        CCON
  D:0098H         PUBLIC        SCON
  D:0088H         PUBLIC        TCON
  D:00D0H         PUBLIC        PSW
  -------         PROC          _SEG_TRAN
  D:004DH         SYMBOL        pucSeg_Buf
  D:0050H         SYMBOL        pucSeg_Code
  -------         DO            
  D:0053H         SYMBOL        i
  D:0054H         SYMBOL        j
  D:0055H         SYMBOL        temp
  -------         ENDDO         
  C:09F4H         LINE#         8
  C:09FAH         LINE#         9
  C:09FAH         LINE#         10
  C:09FDH         LINE#         12
  C:0A09H         LINE#         13
  C:0A09H         LINE#         14
  C:0A6AH         LINE#         15
  C:0A6AH         LINE#         16
  C:0A6FH         LINE#         17
  C:0A74H         LINE#         18
  C:0A79H         LINE#         19
  C:0A7EH         LINE#         20
  C:0A83H         LINE#         21
  C:0A88H         LINE#         22
  C:0A8DH         LINE#         23
  C:0A92H         LINE#         24
  C:0A97H         LINE#         25
  C:0A9CH         LINE#         27
  C:0AA1H         LINE#         28
  C:0AA6H         LINE#         29
  C:0AABH         LINE#         30
BL51 BANKED LINKER/LOCATER V6.22                                                      10/31/2024  20:04:39  PAGE 11


  C:0AB0H         LINE#         31
  C:0AB5H         LINE#         32
  C:0ABAH         LINE#         34
  C:0ABFH         LINE#         35
  C:0AC4H         LINE#         37
  C:0AC9H         LINE#         38
  C:0ACEH         LINE#         39
  C:0AD3H         LINE#         40
  C:0AD8H         LINE#         41
  C:0ADDH         LINE#         42
  C:0AE2H         LINE#         43
  C:0AE2H         LINE#         44
  C:0AE5H         LINE#         45
  C:0AE5H         LINE#         47
  C:0AF8H         LINE#         48
  C:0AF8H         LINE#         49
  C:0AFBH         LINE#         50
  C:0AFDH         LINE#         51
  C:0AFDH         LINE#         53
  C:0B0EH         LINE#         54
  C:0B15H         LINE#         55
  -------         ENDPROC       _SEG_TRAN
  -------         PROC          _SEG_DISP
  D:0001H         SYMBOL        pucSeg_Code
  D:0005H         SYMBOL        ucSeg_Pos
  C:0ECEH         LINE#         61
  C:0ECEH         LINE#         62
  C:0ECEH         LINE#         63
  C:0ED1H         LINE#         64
  C:0ED9H         LINE#         65
  C:0EDCH         LINE#         67
  C:0EE9H         LINE#         68
  C:0EF1H         LINE#         69
  C:0EF4H         LINE#         71
  C:0F00H         LINE#         72
  C:0F08H         LINE#         73
  C:0F0BH         LINE#         74
  -------         ENDPROC       _SEG_DISP
  -------         ENDMOD        SEG

  -------         MODULE        PRINTF
  D:004DH         PUBLIC        ?_PRINTF?BYTE
  D:004DH         PUBLIC        ?_SPRINTF?BYTE
  C:05E7H         PUBLIC        _PRINTF
  C:05E1H         PUBLIC        _SPRINTF
  -------         ENDMOD        PRINTF

  -------         MODULE        ?C?FPROUND
  C:001EH         PUBLIC        ?C?FPROUND
  -------         ENDMOD        ?C?FPROUND

  -------         MODULE        ?C?FPCONVERT
  C:004DH         PUBLIC        ?C?FPCONVERT
  -------         ENDMOD        ?C?FPCONVERT

  -------         MODULE        ?C?FPADD
  C:0157H         PUBLIC        ?C?FPADD
BL51 BANKED LINKER/LOCATER V6.22                                                      10/31/2024  20:04:39  PAGE 12


  C:0153H         PUBLIC        ?C?FPSUB
  -------         ENDMOD        ?C?FPADD

  -------         MODULE        ?C?FPMUL
  C:0248H         PUBLIC        ?C?FPMUL
  -------         ENDMOD        ?C?FPMUL

  -------         MODULE        ?C?FPDIV
  C:0351H         PUBLIC        ?C?FPDIV
  -------         ENDMOD        ?C?FPDIV

  -------         MODULE        ?C?FTNPWR
  C:041EH         PUBLIC        ?C?FTNPWR
  -------         ENDMOD        ?C?FTNPWR

  -------         MODULE        ?C?CLDPTR
  C:04A8H         PUBLIC        ?C?CLDPTR
  -------         ENDMOD        ?C?CLDPTR

  -------         MODULE        ?C?CLDOPTR
  C:04C1H         PUBLIC        ?C?CLDOPTR
  -------         ENDMOD        ?C?CLDOPTR

  -------         MODULE        ?C?CSTPTR
  C:04EEH         PUBLIC        ?C?CSTPTR
  -------         ENDMOD        ?C?CSTPTR

  -------         MODULE        ?C?CSTOPTR
  C:0500H         PUBLIC        ?C?CSTOPTR
  -------         ENDMOD        ?C?CSTOPTR

  -------         MODULE        ?C?PLDIIDATA
  C:0522H         PUBLIC        ?C?PLDIIDATA
  -------         ENDMOD        ?C?PLDIIDATA

  -------         MODULE        ?C?CCASE
  C:0532H         PUBLIC        ?C?CCASE
  -------         ENDMOD        ?C?CCASE

  -------         MODULE        ?C?ICASE
  C:0558H         PUBLIC        ?C?ICASE
  -------         ENDMOD        ?C?ICASE

  -------         MODULE        PUTCHAR
  C:0F0CH         PUBLIC        _PUTCHAR
  -------         ENDMOD        PUTCHAR

*** WARNING L16: UNCALLED SEGMENT, IGNORED FOR OVERLAY PROCESS
    SEGMENT: ?PR?_DELAYNMS?DELAY

Program Size: data=81.1 xdata=0 code=4040
LINK/LOCATE RUN COMPLETE.  1 WARNING(S),  0 ERROR(S)
